[2023-10-17T05:08:26.849+0200][gc,heap] Heap region size: 1M
[2023-10-17T05:08:26.935+0200][gc     ] Using G1
[2023-10-17T05:08:42.114+0200][gc,start] GC(0) Pause Young (Normal) (G1 Evacuation Pause)
[2023-10-17T05:08:42.115+0200][gc,task ] GC(0) Using 4 workers of 4 for evacuation
[2023-10-17T05:08:42.154+0200][gc,mmu  ] GC(0) MMU target violated: 21.0ms (20.0ms/21.0ms)
[2023-10-17T05:08:42.154+0200][gc,phases] GC(0)   Pre Evacuate Collection Set: 0.2ms
[2023-10-17T05:08:42.154+0200][gc,phases] GC(0)   Evacuate Collection Set: 33.9ms
[2023-10-17T05:08:42.154+0200][gc,phases] GC(0)   Post Evacuate Collection Set: 3.8ms
[2023-10-17T05:08:42.154+0200][gc,phases] GC(0)   Other: 2.9ms
[2023-10-17T05:08:42.154+0200][gc,heap  ] GC(0) Eden regions: 51->0(44)
[2023-10-17T05:08:42.154+0200][gc,heap  ] GC(0) Survivor regions: 0->7(7)
[2023-10-17T05:08:42.154+0200][gc,heap  ] GC(0) Old regions: 0->0
[2023-10-17T05:08:42.154+0200][gc,heap  ] GC(0) Humongous regions: 0->0
[2023-10-17T05:08:42.154+0200][gc,metaspace] GC(0) Metaspace: 12267K(12440K)->12267K(12440K)
[2023-10-17T05:08:42.155+0200][gc          ] GC(0) Pause Young (Normal) (G1 Evacuation Pause) 51M->6M(1024M) 40.148ms
[2023-10-17T05:08:42.155+0200][gc,cpu      ] GC(0) User=0.09s Sys=0.01s Real=0.04s
[2023-10-17T05:08:46.031+0200][gc,start    ] GC(1) Pause Young (Concurrent Start) (Metadata GC Threshold)
[2023-10-17T05:08:46.031+0200][gc,task     ] GC(1) Using 4 workers of 4 for evacuation
[2023-10-17T05:08:46.086+0200][gc,mmu      ] GC(1) MMU target violated: 21.0ms (20.0ms/21.0ms)
[2023-10-17T05:08:46.087+0200][gc,phases   ] GC(1)   Pre Evacuate Collection Set: 0.2ms
[2023-10-17T05:08:46.087+0200][gc,phases   ] GC(1)   Evacuate Collection Set: 51.9ms
[2023-10-17T05:08:46.087+0200][gc,phases   ] GC(1)   Post Evacuate Collection Set: 1.4ms
[2023-10-17T05:08:46.087+0200][gc,phases   ] GC(1)   Other: 1.9ms
[2023-10-17T05:08:46.087+0200][gc,heap     ] GC(1) Eden regions: 37->0(49)
[2023-10-17T05:08:46.087+0200][gc,heap     ] GC(1) Survivor regions: 7->2(7)
[2023-10-17T05:08:46.087+0200][gc,heap     ] GC(1) Old regions: 0->7
[2023-10-17T05:08:46.087+0200][gc,heap     ] GC(1) Humongous regions: 0->0
[2023-10-17T05:08:46.087+0200][gc,metaspace] GC(1) Metaspace: 16090K(16384K)->16090K(16384K)
[2023-10-17T05:08:46.087+0200][gc          ] GC(1) Pause Young (Concurrent Start) (Metadata GC Threshold) 43M->8M(1024M) 55.876ms
[2023-10-17T05:08:46.087+0200][gc,cpu      ] GC(1) User=0.07s Sys=0.04s Real=0.05s
[2023-10-17T05:08:46.088+0200][gc          ] GC(2) Concurrent Cycle
[2023-10-17T05:08:46.088+0200][gc,marking  ] GC(2) Concurrent Clear Claimed Marks
[2023-10-17T05:08:46.088+0200][gc,marking  ] GC(2) Concurrent Clear Claimed Marks 0.097ms
[2023-10-17T05:08:46.088+0200][gc,marking  ] GC(2) Concurrent Scan Root Regions
[2023-10-17T05:08:46.093+0200][gc,marking  ] GC(2) Concurrent Scan Root Regions 5.134ms
[2023-10-17T05:08:46.093+0200][gc,marking  ] GC(2) Concurrent Mark (19.264s)
[2023-10-17T05:08:46.093+0200][gc,marking  ] GC(2) Concurrent Mark From Roots
[2023-10-17T05:08:46.093+0200][gc,task     ] GC(2) Using 1 workers of 1 for marking
[2023-10-17T05:08:46.209+0200][gc,marking  ] GC(2) Concurrent Mark From Roots 116.216ms
[2023-10-17T05:08:46.209+0200][gc,marking  ] GC(2) Concurrent Preclean
[2023-10-17T05:08:46.210+0200][gc,marking  ] GC(2) Concurrent Preclean 0.497ms
[2023-10-17T05:08:46.210+0200][gc,marking  ] GC(2) Concurrent Mark (19.264s, 19.381s) 116.961ms
[2023-10-17T05:08:46.210+0200][gc,start    ] GC(2) Pause Remark
[2023-10-17T05:08:46.473+0200][gc,stringtable] GC(2) Cleaned string and symbol table, strings: 7845 processed, 0 removed, symbols: 79024 processed, 55 removed
[2023-10-17T05:08:46.474+0200][gc,mmu        ] GC(2) MMU target violated: 21.0ms (20.0ms/21.0ms)
[2023-10-17T05:08:46.475+0200][gc            ] GC(2) Pause Remark 8M->8M(1024M) 264.277ms
[2023-10-17T05:08:46.475+0200][gc,cpu        ] GC(2) User=0.04s Sys=0.00s Real=0.26s
[2023-10-17T05:08:46.480+0200][gc,marking    ] GC(2) Concurrent Rebuild Remembered Sets
[2023-10-17T05:08:46.517+0200][gc,marking    ] GC(2) Concurrent Rebuild Remembered Sets 36.719ms
[2023-10-17T05:08:46.520+0200][gc,start      ] GC(2) Pause Cleanup
[2023-10-17T05:08:46.522+0200][gc            ] GC(2) Pause Cleanup 9M->9M(1024M) 1.408ms
[2023-10-17T05:08:46.522+0200][gc,cpu        ] GC(2) User=0.00s Sys=0.00s Real=0.00s
[2023-10-17T05:08:46.522+0200][gc,marking    ] GC(2) Concurrent Cleanup for Next Mark
[2023-10-17T05:08:46.570+0200][gc,marking    ] GC(2) Concurrent Cleanup for Next Mark 48.429ms
[2023-10-17T05:08:46.570+0200][gc            ] GC(2) Concurrent Cycle 482.941ms
[2023-10-17T05:09:35.805+0200][gc,start      ] GC(3) Pause Young (Normal) (G1 Evacuation Pause)
[2023-10-17T05:09:35.827+0200][gc,task       ] GC(3) Using 4 workers of 4 for evacuation
[2023-10-17T05:09:35.930+0200][gc,mmu        ] GC(3) MMU target violated: 21.0ms (20.0ms/21.0ms)
[2023-10-17T05:09:35.930+0200][gc,phases     ] GC(3)   Pre Evacuate Collection Set: 29.1ms
[2023-10-17T05:09:35.930+0200][gc,phases     ] GC(3)   Evacuate Collection Set: 46.4ms
[2023-10-17T05:09:35.930+0200][gc,phases     ] GC(3)   Post Evacuate Collection Set: 1.7ms
[2023-10-17T05:09:35.930+0200][gc,phases     ] GC(3)   Other: 48.2ms
[2023-10-17T05:09:35.930+0200][gc,heap       ] GC(3) Eden regions: 49->0(48)
[2023-10-17T05:09:35.930+0200][gc,heap       ] GC(3) Survivor regions: 2->3(7)
[2023-10-17T05:09:35.930+0200][gc,heap       ] GC(3) Old regions: 7->7
[2023-10-17T05:09:35.930+0200][gc,heap       ] GC(3) Humongous regions: 129->129
[2023-10-17T05:09:35.930+0200][gc,metaspace  ] GC(3) Metaspace: 20685K(21248K)->20685K(21248K)
[2023-10-17T05:09:35.930+0200][gc            ] GC(3) Pause Young (Normal) (G1 Evacuation Pause) 186M->138M(1024M) 125.873ms
[2023-10-17T05:09:35.931+0200][gc,cpu        ] GC(3) User=0.04s Sys=0.02s Real=0.13s
[2023-10-17T05:09:52.119+0200][gc,start      ] GC(4) Pause Young (Normal) (G1 Evacuation Pause)
[2023-10-17T05:09:52.119+0200][gc,task       ] GC(4) Using 4 workers of 4 for evacuation
[2023-10-17T05:09:52.150+0200][gc,mmu        ] GC(4) MMU target violated: 21.0ms (20.0ms/21.0ms)
[2023-10-17T05:09:52.150+0200][gc,phases     ] GC(4)   Pre Evacuate Collection Set: 0.2ms
[2023-10-17T05:09:52.151+0200][gc,phases     ] GC(4)   Evacuate Collection Set: 28.4ms
[2023-10-17T05:09:52.151+0200][gc,phases     ] GC(4)   Post Evacuate Collection Set: 1.8ms
[2023-10-17T05:09:52.151+0200][gc,phases     ] GC(4)   Other: 1.2ms
[2023-10-17T05:09:52.151+0200][gc,heap       ] GC(4) Eden regions: 48->0(45)
[2023-10-17T05:09:52.151+0200][gc,heap       ] GC(4) Survivor regions: 3->6(7)
[2023-10-17T05:09:52.151+0200][gc,heap       ] GC(4) Old regions: 7->7
[2023-10-17T05:09:52.151+0200][gc,heap       ] GC(4) Humongous regions: 129->129
[2023-10-17T05:09:52.151+0200][gc,metaspace  ] GC(4) Metaspace: 24224K(24832K)->24224K(24832K)
[2023-10-17T05:09:52.151+0200][gc            ] GC(4) Pause Young (Normal) (G1 Evacuation Pause) 186M->141M(1024M) 31.951ms
[2023-10-17T05:09:52.151+0200][gc,cpu        ] GC(4) User=0.11s Sys=0.00s Real=0.04s
[2023-10-17T05:10:23.436+0200][gc,start      ] GC(5) Pause Young (Concurrent Start) (Metadata GC Threshold)
[2023-10-17T05:10:23.438+0200][gc,task       ] GC(5) Using 4 workers of 4 for evacuation
[2023-10-17T05:10:24.881+0200][gc,mmu        ] GC(5) MMU target violated: 21.0ms (20.0ms/21.0ms)
[2023-10-17T05:10:24.881+0200][gc,phases     ] GC(5)   Pre Evacuate Collection Set: 0.3ms
[2023-10-17T05:10:24.882+0200][gc,phases     ] GC(5)   Evacuate Collection Set: 64.5ms
[2023-10-17T05:10:24.882+0200][gc,phases     ] GC(5)   Post Evacuate Collection Set: 1374.4ms
[2023-10-17T05:10:24.882+0200][gc,phases     ] GC(5)   Other: 6.2ms
[2023-10-17T05:10:24.882+0200][gc,heap       ] GC(5) Eden regions: 27->0(46)
[2023-10-17T05:10:24.882+0200][gc,heap       ] GC(5) Survivor regions: 6->5(7)
[2023-10-17T05:10:24.882+0200][gc,heap       ] GC(5) Old regions: 7->10
[2023-10-17T05:10:24.882+0200][gc,heap       ] GC(5) Humongous regions: 129->129
[2023-10-17T05:10:24.882+0200][gc,metaspace  ] GC(5) Metaspace: 26839K(27520K)->26839K(27520K)
[2023-10-17T05:10:24.883+0200][gc            ] GC(5) Pause Young (Concurrent Start) (Metadata GC Threshold) 168M->143M(1024M) 1446.267ms
[2023-10-17T05:10:24.883+0200][gc,cpu        ] GC(5) User=0.12s Sys=0.02s Real=1.45s
[2023-10-17T05:10:26.311+0200][gc            ] GC(6) Concurrent Cycle
[2023-10-17T05:10:26.311+0200][gc,marking    ] GC(6) Concurrent Clear Claimed Marks
[2023-10-17T05:10:26.333+0200][gc,marking    ] GC(6) Concurrent Clear Claimed Marks 0.172ms
[2023-10-17T05:10:26.333+0200][gc,marking    ] GC(6) Concurrent Scan Root Regions
[2023-10-17T05:10:26.360+0200][gc,marking    ] GC(6) Concurrent Scan Root Regions 26.662ms
[2023-10-17T05:10:26.360+0200][gc,marking    ] GC(6) Concurrent Mark (119.531s)
[2023-10-17T05:10:26.360+0200][gc,marking    ] GC(6) Concurrent Mark From Roots
[2023-10-17T05:10:26.360+0200][gc,task       ] GC(6) Using 1 workers of 1 for marking
[2023-10-17T05:10:26.445+0200][gc,marking    ] GC(6) Concurrent Mark From Roots 84.850ms
[2023-10-17T05:10:26.445+0200][gc,marking    ] GC(6) Concurrent Preclean
[2023-10-17T05:10:26.449+0200][gc,marking    ] GC(6) Concurrent Preclean 4.462ms
[2023-10-17T05:10:26.449+0200][gc,marking    ] GC(6) Concurrent Mark (119.531s, 119.621s) 89.610ms
[2023-10-17T05:10:26.454+0200][gc,start      ] GC(6) Pause Remark
[2023-10-17T05:10:26.484+0200][gc,stringtable] GC(6) Cleaned string and symbol table, strings: 14781 processed, 10 removed, symbols: 120374 processed, 24 removed
[2023-10-17T05:10:26.485+0200][gc,mmu        ] GC(6) MMU target violated: 21.0ms (20.0ms/21.0ms)
[2023-10-17T05:10:26.485+0200][gc            ] GC(6) Pause Remark 145M->145M(1024M) 30.958ms
[2023-10-17T05:10:26.485+0200][gc,cpu        ] GC(6) User=0.05s Sys=0.00s Real=0.03s
[2023-10-17T05:10:26.485+0200][gc,marking    ] GC(6) Concurrent Rebuild Remembered Sets
[2023-10-17T05:10:26.532+0200][gc,marking    ] GC(6) Concurrent Rebuild Remembered Sets 46.656ms
[2023-10-17T05:10:26.533+0200][gc,start      ] GC(6) Pause Cleanup
[2023-10-17T05:10:26.534+0200][gc            ] GC(6) Pause Cleanup 146M->146M(1024M) 1.034ms
[2023-10-17T05:10:26.534+0200][gc,cpu        ] GC(6) User=0.00s Sys=0.00s Real=0.00s
[2023-10-17T05:10:26.534+0200][gc,marking    ] GC(6) Concurrent Cleanup for Next Mark
[2023-10-17T05:10:26.615+0200][gc,marking    ] GC(6) Concurrent Cleanup for Next Mark 80.189ms
[2023-10-17T05:10:26.615+0200][gc            ] GC(6) Concurrent Cycle 1730.960ms
[2023-10-17T05:28:08.729+0200][gc,heap,exit  ] Heap
[2023-10-17T05:28:11.183+0200][gc,heap,exit  ]  garbage-first heap   total 1048576K, used 184321K [0x33a00000, 0x73a00000)
[2023-10-17T05:28:11.183+0200][gc,heap,exit  ]   region size 1024K, 44 young (45056K), 5 survivors (5120K)
[2023-10-17T05:28:11.183+0200][gc,heap,exit  ]  Metaspace       used 28436K, capacity 29279K, committed 29312K, reserved 30000K
