[2023-10-17T05:39:15.728+0200][gc,heap] Heap region size: 1M
[2023-10-17T05:39:15.840+0200][gc     ] Using G1
[2023-10-17T05:39:26.403+0200][gc,start] GC(0) Pause Young (Normal) (G1 Evacuation Pause)
[2023-10-17T05:39:26.404+0200][gc,task ] GC(0) Using 4 workers of 4 for evacuation
[2023-10-17T05:39:26.440+0200][gc,mmu  ] GC(0) MMU target violated: 21.0ms (20.0ms/21.0ms)
[2023-10-17T05:39:26.440+0200][gc,phases] GC(0)   Pre Evacuate Collection Set: 0.2ms
[2023-10-17T05:39:26.441+0200][gc,phases] GC(0)   Evacuate Collection Set: 33.3ms
[2023-10-17T05:39:26.441+0200][gc,phases] GC(0)   Post Evacuate Collection Set: 1.8ms
[2023-10-17T05:39:26.441+0200][gc,phases] GC(0)   Other: 2.0ms
[2023-10-17T05:39:26.441+0200][gc,heap  ] GC(0) Eden regions: 51->0(44)
[2023-10-17T05:39:26.441+0200][gc,heap  ] GC(0) Survivor regions: 0->7(7)
[2023-10-17T05:39:26.441+0200][gc,heap  ] GC(0) Old regions: 0->0
[2023-10-17T05:39:26.441+0200][gc,heap  ] GC(0) Humongous regions: 0->0
[2023-10-17T05:39:26.441+0200][gc,metaspace] GC(0) Metaspace: 12315K(12568K)->12315K(12568K)
[2023-10-17T05:39:26.441+0200][gc          ] GC(0) Pause Young (Normal) (G1 Evacuation Pause) 51M->6M(1024M) 37.688ms
[2023-10-17T05:39:26.441+0200][gc,cpu      ] GC(0) User=0.10s Sys=0.01s Real=0.04s
[2023-10-17T05:39:39.457+0200][gc,start    ] GC(1) Pause Young (Concurrent Start) (Metadata GC Threshold)
[2023-10-17T05:39:39.457+0200][gc,task     ] GC(1) Using 4 workers of 4 for evacuation
[2023-10-17T05:39:39.522+0200][gc,mmu      ] GC(1) MMU target violated: 21.0ms (20.0ms/21.0ms)
[2023-10-17T05:39:39.522+0200][gc,phases   ] GC(1)   Pre Evacuate Collection Set: 0.2ms
[2023-10-17T05:39:39.522+0200][gc,phases   ] GC(1)   Evacuate Collection Set: 61.5ms
[2023-10-17T05:39:39.522+0200][gc,phases   ] GC(1)   Post Evacuate Collection Set: 1.8ms
[2023-10-17T05:39:39.522+0200][gc,phases   ] GC(1)   Other: 1.2ms
[2023-10-17T05:39:39.522+0200][gc,heap     ] GC(1) Eden regions: 36->0(49)
[2023-10-17T05:39:39.522+0200][gc,heap     ] GC(1) Survivor regions: 7->2(7)
[2023-10-17T05:39:39.522+0200][gc,heap     ] GC(1) Old regions: 0->7
[2023-10-17T05:39:39.522+0200][gc,heap     ] GC(1) Humongous regions: 0->0
[2023-10-17T05:39:39.522+0200][gc,metaspace] GC(1) Metaspace: 16087K(16384K)->16087K(16384K)
[2023-10-17T05:39:39.523+0200][gc          ] GC(1) Pause Young (Concurrent Start) (Metadata GC Threshold) 42M->7M(1024M) 65.333ms
[2023-10-17T05:39:39.523+0200][gc,cpu      ] GC(1) User=0.09s Sys=0.04s Real=0.07s
[2023-10-17T05:39:39.523+0200][gc          ] GC(2) Concurrent Cycle
[2023-10-17T05:39:39.523+0200][gc,marking  ] GC(2) Concurrent Clear Claimed Marks
[2023-10-17T05:39:39.523+0200][gc,marking  ] GC(2) Concurrent Clear Claimed Marks 0.150ms
[2023-10-17T05:39:39.523+0200][gc,marking  ] GC(2) Concurrent Scan Root Regions
[2023-10-17T05:39:39.533+0200][gc,marking  ] GC(2) Concurrent Scan Root Regions 9.652ms
[2023-10-17T05:39:39.533+0200][gc,marking  ] GC(2) Concurrent Mark (23.821s)
[2023-10-17T05:39:39.533+0200][gc,marking  ] GC(2) Concurrent Mark From Roots
[2023-10-17T05:39:39.533+0200][gc,task     ] GC(2) Using 1 workers of 1 for marking
[2023-10-17T05:39:39.605+0200][gc,marking  ] GC(2) Concurrent Mark From Roots 72.304ms
[2023-10-17T05:39:39.605+0200][gc,marking  ] GC(2) Concurrent Preclean
[2023-10-17T05:39:39.606+0200][gc,marking  ] GC(2) Concurrent Preclean 0.395ms
[2023-10-17T05:39:39.606+0200][gc,marking  ] GC(2) Concurrent Mark (23.821s, 23.893s) 72.935ms
[2023-10-17T05:39:39.606+0200][gc,start    ] GC(2) Pause Remark
[2023-10-17T05:39:39.623+0200][gc,stringtable] GC(2) Cleaned string and symbol table, strings: 7842 processed, 0 removed, symbols: 79061 processed, 54 removed
[2023-10-17T05:39:39.624+0200][gc            ] GC(2) Pause Remark 8M->8M(1024M) 17.704ms
[2023-10-17T05:39:39.624+0200][gc,cpu        ] GC(2) User=0.04s Sys=0.00s Real=0.02s
[2023-10-17T05:39:39.626+0200][gc,marking    ] GC(2) Concurrent Rebuild Remembered Sets
[2023-10-17T05:39:39.656+0200][gc,marking    ] GC(2) Concurrent Rebuild Remembered Sets 30.100ms
[2023-10-17T05:39:39.656+0200][gc,start      ] GC(2) Pause Cleanup
[2023-10-17T05:39:39.657+0200][gc            ] GC(2) Pause Cleanup 8M->8M(1024M) 1.108ms
[2023-10-17T05:39:39.657+0200][gc,cpu        ] GC(2) User=0.01s Sys=0.00s Real=0.00s
[2023-10-17T05:39:39.658+0200][gc,marking    ] GC(2) Concurrent Cleanup for Next Mark
[2023-10-17T05:39:39.939+0200][gc,marking    ] GC(2) Concurrent Cleanup for Next Mark 281.421ms
[2023-10-17T05:39:39.939+0200][gc            ] GC(2) Concurrent Cycle 416.386ms
[2023-10-17T05:40:47.837+0200][gc,heap,exit  ] Heap
[2023-10-17T05:40:48.615+0200][gc,heap,exit  ]  garbage-first heap   total 1048576K, used 182258K [0x33a00000, 0x73a00000)
[2023-10-17T05:40:48.615+0200][gc,heap,exit  ]   region size 1024K, 45 young (46080K), 2 survivors (2048K)
[2023-10-17T05:40:48.615+0200][gc,heap,exit  ]  Metaspace       used 19874K, capacity 20380K, committed 20480K, reserved 20784K
