[2023-10-17T05:28:23.559+0200][gc,heap] Heap region size: 1M
[2023-10-17T05:28:23.559+0200][gc,heap] Heap region size: 1M
[2023-10-17T05:28:23.721+0200][gc     ] Using G1
[2023-10-17T05:28:23.722+0200][gc     ] Using G1
[2023-10-17T05:28:30.376+0200][gc,heap,exit] Heap
[2023-10-17T05:28:30.376+0200][gc,heap,exit]  garbage-first heap   total 524288K, used 4096K [0x53a00000, 0x73a00000)
[2023-10-17T05:28:30.376+0200][gc,heap,exit]   region size 1024K, 5 young (5120K), 0 survivors (0K)
[2023-10-17T05:28:30.376+0200][gc,heap,exit]  Metaspace       used 4192K, capacity 4214K, committed 4248K, reserved 4400K
[2023-10-17T05:28:35.778+0200][gc,start] GC(0) Pause Young (Normal) (G1 Evacuation Pause)
[2023-10-17T05:28:35.791+0200][gc,task ] GC(0) Using 4 workers of 4 for evacuation
[2023-10-17T05:28:37.794+0200][gc,mmu  ] GC(0) MMU target violated: 21.0ms (20.0ms/21.0ms)
[2023-10-17T05:28:37.794+0200][gc,phases] GC(0)   Pre Evacuate Collection Set: 0.2ms
[2023-10-17T05:28:37.794+0200][gc,phases] GC(0)   Evacuate Collection Set: 73.4ms
[2023-10-17T05:28:37.794+0200][gc,phases] GC(0)   Post Evacuate Collection Set: 1928.4ms
[2023-10-17T05:28:37.795+0200][gc,phases] GC(0)   Other: 14.1ms
[2023-10-17T05:28:37.795+0200][gc,heap  ] GC(0) Eden regions: 25->0(21)
[2023-10-17T05:28:37.795+0200][gc,heap  ] GC(0) Survivor regions: 0->4(4)
[2023-10-17T05:28:37.795+0200][gc,heap  ] GC(0) Old regions: 0->3
[2023-10-17T05:28:37.795+0200][gc,heap  ] GC(0) Humongous regions: 0->0
[2023-10-17T05:28:37.795+0200][gc,metaspace] GC(0) Metaspace: 9213K(9368K)->9213K(9368K)
[2023-10-17T05:28:37.795+0200][gc          ] GC(0) Pause Young (Normal) (G1 Evacuation Pause) 25M->6M(512M) 2016.584ms
[2023-10-17T05:28:37.795+0200][gc,cpu      ] GC(0) User=0.13s Sys=0.01s Real=2.02s
